<html>
<body>
<pre>
<h1>µVision Build Log</h1>
<h2>Project:</h2>
F:\stm32\ºƒ¥Ê∆˜∞Â\LED…¡À∏\LED…¡À∏.uvproj
Project File Date:  08/04/2015

<h2>Output:</h2>
Build target 'Target 1'
assembling STM32F10x.s...
compiling system_stm32f10x.c...
compiling clock.c...
compiling led.c...
compiling main.c...
User\main.c(15): warning:  #223-D: function "delay_ms" declared implicitly
User\main.c:    delay_ms(100);
User\main.c:    ^
User\main.c: User\main.c: 1 warning, 0 errors
compiling daley.c...
linking...
Program Size: Code=736 RO-data=252 RW-data=0 ZI-data=608  
FromELF: creating hex file...
"LED…¡À∏.axf" - 0 Error(s), 1 Warning(s).
Build target 'Target 1'
assembling STM32F10x.s...
compiling system_stm32f10x.c...
compiling clock.c...
compiling led.c...
compiling main.c...
User\main.c(15): warning:  #223-D: function "delay_ms" declared implicitly
User\main.c:    delay_ms(100);
User\main.c:    ^
User\main.c: User\main.c: 1 warning, 0 errors
compiling daley.c...
linking...
Program Size: Code=744 RO-data=252 RW-data=0 ZI-data=608  
FromELF: creating hex file...
"LED…¡À∏.axf" - 0 Error(s), 1 Warning(s).
