<html>
<body>
<pre>
<h1>µVision Build Log</h1>
<h2>Tool Versions:</h2>
IDE-Version: ¦ÌVision V5.24.2.0
Copyright (C) 2017 ARM Ltd and ARM Germany GmbH. All rights reserved.
License Information: kcy kcy, kcy, LIC=8VRDY-III2C-112PY-I9N6I-FF88D-V9IK1
 
Tool Versions:
Toolchain:       MDK-ARM Plus  Version: 5.24.1
Toolchain Path:  E:\Keil_v5\ARM\ARMCC\Bin
C Compiler:      Armcc.exe V5.06 update 5 (build 528)
Assembler:       Armasm.exe V5.06 update 5 (build 528)
Linker/Locator:  ArmLink.exe V5.06 update 5 (build 528)
Library Manager: ArmAr.exe V5.06 update 5 (build 528)
Hex Converter:   FromElf.exe V5.06 update 5 (build 528)
CPU DLL:         SARMCM3.DLL V5.24.1
Dialog DLL:      DCM.DLL V1.16.0.0
Target DLL:      Segger\JL2CM3.dll V2.99.26.0
Dialog DLL:      TCM.DLL V1.32.0.0
 
<h2>Project:</h2>
F:\STM32\stm32\usart\usart.uvprojx
Project File Date:  11/23/2017

<h2>Output:</h2>
*** Using Compiler 'V5.06 update 5 (build 528)', folder: 'E:\Keil_v5\ARM\ARMCC\Bin'
Rebuild target 'Target 1'
compiling misc.c...
compiling stm32f10x_gpio.c...
compiling main.c...
APP\main.c(101): warning:  #177-D: variable "i"  was declared but never referenced
  	uint8_t i=0;
APP\main.c(141): warning:  #1-D: last line of file ends without a newline
  }
APP\main.c: 2 warnings, 0 errors
compiling stm32f10x_usart.c...
compiling stm32f10x_rcc.c...
compiling DMA_STM32F10x.c...
assembling startup_stm32f10x_hd.s...
compiling GPIO_STM32F10x.c...
compiling system_stm32f10x.c...
compiling stm32f10x_tim.c...
compiling stm32f10x_exti.c...
linking...
Program Size: Code=2568 RO-data=336 RW-data=20 ZI-data=1636  
FromELF: creating hex file...
".\Objects\usart.axf" - 0 Error(s), 2 Warning(s).

<h2>Software Packages used:</h2>

Package Vendor: ARM
                http://www.keil.com/pack/ARM.CMSIS.5.0.1.pack
                ARM.CMSIS.5.0.1
                CMSIS (Cortex Microcontroller Software Interface Standard)
   * Component: CORE Version: 5.0.1

Package Vendor: Keil
                http://www.keil.com/pack/Keil.STM32F1xx_DFP.2.2.0.pack
                Keil.STM32F1xx_DFP.2.2.0
                STMicroelectronics STM32F1 Series Device Support, Drivers and Examples
   * Component: USART Version: 3.5.0
   * Component: TIM Version: 3.5.0
   * Component: RCC Version: 3.5.0
   * Component: GPIO Version: 3.5.0
   * Component: Framework Version: 3.5.1
   * Component: EXTI Version: 3.5.0
   * Component: Startup Version: 1.0.0
   * Component: GPIO Version: 1.3
   * Component: DMA Version: 1.2

<h2>Collection of Component include folders:</h2>
  .\RTE\Device\STM32F103VE
  .\RTE\_Target_1
  E:\Keil_v5\ARM\PACK\ARM\CMSIS\5.0.1\CMSIS\Include
  E:\Keil_v5\ARM\PACK\Keil\STM32F1xx_DFP\2.2.0\Device\Include
  E:\Keil_v5\ARM\PACK\Keil\STM32F1xx_DFP\2.2.0\Device\StdPeriph_Driver\inc
  E:\Keil_v5\ARM\PACK\Keil\STM32F1xx_DFP\2.2.0\RTE_Driver

<h2>Collection of Component Files used:</h2>

   * Component: Keil::Device:StdPeriph Drivers:USART:3.5.0
      Include file:  Device\StdPeriph_Driver\inc\stm32f10x_usart.h
      Source file:   Device\StdPeriph_Driver\src\stm32f10x_usart.c

   * Component: Keil::Device:StdPeriph Drivers:TIM:3.5.0
      Include file:  Device\StdPeriph_Driver\inc\stm32f10x_tim.h
      Source file:   Device\StdPeriph_Driver\src\stm32f10x_tim.c

   * Component: Keil::Device:StdPeriph Drivers:RCC:3.5.0
      Source file:   Device\StdPeriph_Driver\src\stm32f10x_rcc.c
      Include file:  Device\StdPeriph_Driver\inc\stm32f10x_rcc.h

   * Component: Keil::Device:StdPeriph Drivers:GPIO:3.5.0
      Include file:  Device\StdPeriph_Driver\inc\stm32f10x_gpio.h
      Source file:   Device\StdPeriph_Driver\src\stm32f10x_gpio.c

   * Component: Keil::Device:StdPeriph Drivers:Framework:3.5.1
      Include file:  Device\StdPeriph_Driver\templates\stm32f10x_it.h
      Include file:  Device\StdPeriph_Driver\inc\misc.h
      Source file:   Device\StdPeriph_Driver\src\misc.c
      Source file:   Device\StdPeriph_Driver\templates\stm32f10x_conf.h
      Source file:   Device\StdPeriph_Driver\templates\stm32f10x_it.c

   * Component: Keil::Device:StdPeriph Drivers:EXTI:3.5.0
      Include file:  Device\StdPeriph_Driver\inc\stm32f10x_exti.h
      Source file:   Device\StdPeriph_Driver\src\stm32f10x_exti.c

   * Component: Keil::Device:Startup:1.0.0
      Include file:  RTE_Driver\Config\RTE_Device.h
      Source file:   Device\Source\ARM\STM32F1xx_OPT.s
      Source file:   Device\Source\ARM\startup_stm32f10x_hd.s
      Source file:   Device\Source\system_stm32f10x.c

   * Component: Keil::Device:GPIO:1.3
      Source file:   RTE_Driver\GPIO_STM32F10x.c
      Include file:  RTE_Driver\GPIO_STM32F10x.h

   * Component: Keil::Device:DMA:1.2
      Source file:   RTE_Driver\DMA_STM32F10x.c
      Include file:  RTE_Driver\DMA_STM32F10x.h

   * Component: ARM::CMSIS:CORE:5.0.1
Build Time Elapsed:  00:00:07
</pre>
</body>
</html>
